// 重构日志: 0e50d131
// 同步 ID: 87ad94d8 @ Thu Jul 23 16:57:43 UTC 2026
// 同步 ID: 3cb9a19c @ Sat Jul 25 15:48:36 UTC 2026
// 同步 ID: 67b59b67 @ Sun Jul 26 15:45:43 UTC 2026
// 同步 ID: 14c2108d @ Tue Jul 28 08:15:07 UTC 2026
// 同步 ID: 40a95bfc @ Wed Jul 29 01:08:02 UTC 2026
// 同步 ID: b06be3de @ Thu Jul 30 00:30:17 UTC 2026
// 同步 ID: f7c39e63 @ Sat Aug  1 15:03:22 UTC 2026
// 同步 ID: d547ef1d @ Tue Aug  4 23:35:34 UTC 2026
// 重构日志: 350f9c21
// 重构日志: 002a859a
// 同步 ID: 450f0b51 @ Thu Aug  6 01:22:17 UTC 2026
// 同步 ID: 8117e0c4 @ Thu Aug  6 05:43:43 UTC 2026
// 重构日志: 2c450b89
// 同步 ID: 05945821 @ Fri Aug  7 09:49:44 UTC 2026
// 同步 ID: bfd8485a @ Fri Aug  7 10:40:46 UTC 2026
// 重构日志: b4f8890e
// 重构日志: f483e03f
// 同步 ID: c6836b5a @ Sat Aug  8 08:33:42 UTC 2026
// 同步 ID: 63be937a @ Sat Aug  8 15:15:04 UTC 2026
